.........                                                                [100%]
=============================== warnings summary ===============================
.venv/lib/python3.12/site-packages/pydantic/_internal/_config.py:323
.venv/lib/python3.12/site-packages/pydantic/_internal/_config.py:323
.venv/lib/python3.12/site-packages/pydantic/_internal/_config.py:323
.venv/lib/python3.12/site-packages/pydantic/_internal/_config.py:323
.venv/lib/python3.12/site-packages/pydantic/_internal/_config.py:323
.venv/lib/python3.12/site-packages/pydantic/_internal/_config.py:323
.venv/lib/python3.12/site-packages/pydantic/_internal/_config.py:323
  /opt/brickfarm/backend/.venv/lib/python3.12/site-packages/pydantic/_internal/_config.py:323: PydanticDeprecatedSince20: Support for class-based `config` is deprecated, use ConfigDict instead. Deprecated in Pydantic V2.0 to be removed in V3.0. See Pydantic V2 Migration Guide at https://errors.pydantic.dev/2.11/migration/
    warnings.warn(DEPRECATION_MESSAGE, DeprecationWarning)

.venv/lib/python3.12/site-packages/pydantic/_internal/_config.py:373
  /opt/brickfarm/backend/.venv/lib/python3.12/site-packages/pydantic/_internal/_config.py:373: UserWarning: Valid config keys have changed in V2:
  * 'orm_mode' has been renamed to 'from_attributes'
    warnings.warn(message, UserWarning)

app/tests/test_reports.py::test_forecast_and_export_csv
  /opt/brickfarm/backend/app/tests/test_reports.py:32: DeprecationWarning: datetime.datetime.utcnow() is deprecated and scheduled for removal in a future version. Use timezone-aware objects to represent datetimes in UTC: datetime.datetime.now(datetime.UTC).
    now = datetime.utcnow()

app/tests/test_reports.py::test_forecast_and_export_csv
  /opt/brickfarm/backend/app/tests/../api/v1/reports.py:41: DeprecationWarning: datetime.datetime.utcnow() is deprecated and scheduled for removal in a future version. Use timezone-aware objects to represent datetimes in UTC: datetime.datetime.now(datetime.UTC).
    now = datetime.utcnow()

-- Docs: https://docs.pytest.org/en/stable/how-to/capture-warnings.html
9 passed, 10 warnings in 2.27s
